// Jest Snapshot v1, https://goo.gl/fbAQLP

exports[`createUrl 1`] = `
{
  "AO": {
    "foreldre": [],
    "kode": "AO",
    "tittel": {
      "nb": "Rot",
    },
    "url": "/Rot",
  },
  "AO-KS": {
    "foreldre": [
      "AO",
    ],
    "kode": "AO-KS",
    "tittel": {
      "nb": "Kontinentalsokkel",
    },
    "url": "/Rot/Kontinentalsokkel",
  },
  "AO-KS-FS": {
    "foreldre": [
      "AO-KS",
    ],
    "kode": "AO-KS-FS",
    "tittel": {
      "nb": "Fiskerisone",
    },
    "url": "/Rot/Kontinentalsokkel/Fiskerisone",
  },
  "AO-KS-FS-JM": {
    "foreldre": [
      "AO-KS-FS",
    ],
    "kode": "AO-KS-FS-JM",
    "tittel": {
      "nb": "Jan Mayen",
    },
    "url": "/Rot/Kontinentalsokkel/Fiskerisone/Jan_Mayen",
  },
}
`;
