// Jest Snapshot v1, https://goo.gl/fbAQLP

exports[`createUrl 1`] = `
Object {
  "AO": Object {
    "foreldre": Array [],
    "kode": "AO",
    "tittel": Object {
      "nb": "Rot",
    },
    "url": "/Rot",
  },
  "AO-KS": Object {
    "foreldre": Array [
      "AO",
    ],
    "kode": "AO-KS",
    "tittel": Object {
      "nb": "Kontinentalsokkel",
    },
    "url": "/Rot/Kontinentalsokkel",
  },
  "AO-KS-FS": Object {
    "foreldre": Array [
      "AO-KS",
    ],
    "kode": "AO-KS-FS",
    "tittel": Object {
      "nb": "Fiskerisone",
    },
    "url": "/Rot/Kontinentalsokkel/Fiskerisone",
  },
  "AO-KS-FS-JM": Object {
    "foreldre": Array [
      "AO-KS-FS",
    ],
    "kode": "AO-KS-FS-JM",
    "tittel": Object {
      "nb": "Jan Mayen",
    },
    "url": "/Rot/Kontinentalsokkel/Fiskerisone/Jan_Mayen",
  },
}
`;
